C:\Users\murat\OneDrive\Masaüstü\simpleapiforEeedit\src\main\java\com\Reddit\simpleapiforEeedit\SimpleapiforEeeditApplication.java
C:\Users\murat\OneDrive\Masaüstü\simpleapiforEeedit\src\main\java\controller\CommentController.java
C:\Users\murat\OneDrive\Masaüstü\simpleapiforEeedit\src\main\java\controller\LikeController.java
C:\Users\murat\OneDrive\Masaüstü\simpleapiforEeedit\src\main\java\controller\PostController.java
C:\Users\murat\OneDrive\Masaüstü\simpleapiforEeedit\src\main\java\controller\subredditsController.java
C:\Users\murat\OneDrive\Masaüstü\simpleapiforEeedit\src\main\java\controller\UserController.java
C:\Users\murat\OneDrive\Masaüstü\simpleapiforEeedit\src\main\java\controller\UserSubredditsController.java
C:\Users\murat\OneDrive\Masaüstü\simpleapiforEeedit\src\main\java\model\comments.java
C:\Users\murat\OneDrive\Masaüstü\simpleapiforEeedit\src\main\java\model\Like.java
C:\Users\murat\OneDrive\Masaüstü\simpleapiforEeedit\src\main\java\model\Post.java
C:\Users\murat\OneDrive\Masaüstü\simpleapiforEeedit\src\main\java\model\subreddits.java
C:\Users\murat\OneDrive\Masaüstü\simpleapiforEeedit\src\main\java\model\User.java
C:\Users\murat\OneDrive\Masaüstü\simpleapiforEeedit\src\main\java\model\user_subreddits.java
C:\Users\murat\OneDrive\Masaüstü\simpleapiforEeedit\src\main\java\repository\CommnetsRepository.java
C:\Users\murat\OneDrive\Masaüstü\simpleapiforEeedit\src\main\java\repository\LikeRepository.java
C:\Users\murat\OneDrive\Masaüstü\simpleapiforEeedit\src\main\java\repository\PostRepository.java
C:\Users\murat\OneDrive\Masaüstü\simpleapiforEeedit\src\main\java\repository\SubredditsRepostitory.java
C:\Users\murat\OneDrive\Masaüstü\simpleapiforEeedit\src\main\java\repository\UserRepository.java
C:\Users\murat\OneDrive\Masaüstü\simpleapiforEeedit\src\main\java\repository\userSubredditsRepository.java
C:\Users\murat\OneDrive\Masaüstü\simpleapiforEeedit\src\main\java\Security\JwtAuthenticationEntryPoint.java
C:\Users\murat\OneDrive\Masaüstü\simpleapiforEeedit\src\main\java\Security\JwtAuthenticationFilter.java
C:\Users\murat\OneDrive\Masaüstü\simpleapiforEeedit\src\main\java\Security\JwtTokenProvider.java
C:\Users\murat\OneDrive\Masaüstü\simpleapiforEeedit\src\main\java\Security\JwtUserDetails.java
C:\Users\murat\OneDrive\Masaüstü\simpleapiforEeedit\src\main\java\service\CommentService.java
C:\Users\murat\OneDrive\Masaüstü\simpleapiforEeedit\src\main\java\service\LikeService.java
C:\Users\murat\OneDrive\Masaüstü\simpleapiforEeedit\src\main\java\service\PostService.java
C:\Users\murat\OneDrive\Masaüstü\simpleapiforEeedit\src\main\java\service\subredditsService.java
C:\Users\murat\OneDrive\Masaüstü\simpleapiforEeedit\src\main\java\service\UserService.java
C:\Users\murat\OneDrive\Masaüstü\simpleapiforEeedit\src\main\java\service\UserSubredditsService.java
